
> astro-cloudflare-pages@0.0.1 dev
> astro dev

(node:480754) [DEP0040] DeprecationWarning: The `punycode` module is deprecated. Please use a userland alternative instead.
(Use `node --trace-deprecation ...` to show where the warning was created)
20:53:54 [@astrojs/cloudflare] Enabling sessions with Cloudflare KV with the "SESSION" KV binding.
20:53:54 [@astrojs/cloudflare] If you see the error "Invalid binding `SESSION`" in your build output, you need to add the binding to your wrangler config file.
20:53:54 [WARN] [adapter] Cloudflare does not support sharp at runtime. However, you can configure `imageService: "compile"` to optimize images with sharp on prerendered pages during build time.
20:53:55 [types] Generated 1ms
20:53:55 [content] Syncing content
20:53:55 [content] Synced content

 astro  v5.16.1 ready in 2051 ms

┃ Local    http://localhost:4321/
┃ Network  use --host to expose

20:53:55 watching for file changes...
20:54:19 [200] / 350ms
[baseline-browser-mapping] The data in this module is over two months old.  To ensure accurate Baseline data, please update: `npm i baseline-browser-mapping@latest -D`
21:00:22 Configuration file updated. Restarting...
21:00:22 [watch] package.json
21:00:22 [watch] package.json
21:00:22 [@astrojs/cloudflare] Enabling sessions with Cloudflare KV with the "SESSION" KV binding.
21:00:22 [@astrojs/cloudflare] If you see the error "Invalid binding `SESSION`" in your build output, you need to add the binding to your wrangler config file.
21:00:22 [WARN] [adapter] Cloudflare does not support sharp at runtime. However, you can configure `imageService: "compile"` to optimize images with sharp on prerendered pages during build time.
21:00:24 [vite] Re-optimizing dependencies because vite config has changed
21:00:24 [content] Syncing content
21:00:24 [content] Synced content
21:00:24 [types] Generated 821ms
21:00:24 [vite] Re-optimizing dependencies because vite config has changed
21:01:11 Configuration file updated. Restarting...
21:01:12 [@astrojs/cloudflare] Enabling sessions with Cloudflare KV with the "SESSION" KV binding.
21:01:12 [@astrojs/cloudflare] If you see the error "Invalid binding `SESSION`" in your build output, you need to add the binding to your wrangler config file.
21:01:12 [WARN] [adapter] Cloudflare does not support sharp at runtime. However, you can configure `imageService: "compile"` to optimize images with sharp on prerendered pages during build time.
21:01:12 [vite] Re-optimizing dependencies because vite config has changed
21:01:13 [content] Syncing content
21:01:13 [content] Synced content
21:01:13 [types] Generated 678ms
21:01:13 [vite] Re-optimizing dependencies because vite config has changed
21:23:34 Configuration file updated. Restarting...
21:23:35 [@astrojs/cloudflare] Enabling sessions with Cloudflare KV with the "SESSION" KV binding.
21:23:35 [@astrojs/cloudflare] If you see the error "Invalid binding `SESSION`" in your build output, you need to add the binding to your wrangler config file.
21:23:35 [WARN] [adapter] Cloudflare does not support sharp at runtime. However, you can configure `imageService: "compile"` to optimize images with sharp on prerendered pages during build time.
21:23:37 [vite] Re-optimizing dependencies because vite config has changed
21:23:38 [content] Syncing content
21:23:38 [content] Synced content
21:23:38 [types] Generated 1.42s
21:23:38 [vite] Re-optimizing dependencies because vite config has changed
21:25:41 Configuration file updated. Restarting...
21:25:41 [@astrojs/cloudflare] Enabling sessions with Cloudflare KV with the "SESSION" KV binding.
21:25:41 [@astrojs/cloudflare] If you see the error "Invalid binding `SESSION`" in your build output, you need to add the binding to your wrangler config file.
21:25:41 [WARN] [adapter] Cloudflare does not support sharp at runtime. However, you can configure `imageService: "compile"` to optimize images with sharp on prerendered pages during build time.
21:25:44 [vite] Re-optimizing dependencies because lockfile has changed
21:25:44 [content] Syncing content
21:25:44 [content] Synced content
21:25:44 [types] Generated 2.23s
21:25:44 [vite] Re-optimizing dependencies because vite config has changed
21:27:31 Configuration file updated. Restarting...
21:27:31 [@astrojs/cloudflare] Enabling sessions with Cloudflare KV with the "SESSION" KV binding.
21:27:31 [@astrojs/cloudflare] If you see the error "Invalid binding `SESSION`" in your build output, you need to add the binding to your wrangler config file.
21:27:31 [WARN] [adapter] Cloudflare does not support sharp at runtime. However, you can configure `imageService: "compile"` to optimize images with sharp on prerendered pages during build time.
21:27:32 [vite] Re-optimizing dependencies because vite config has changed
21:27:32 [content] Syncing content
21:27:32 [content] Synced content
21:27:32 [types] Generated 688ms
21:27:32 [vite] Re-optimizing dependencies because vite config has changed
